// Jest Snapshot v1, https://goo.gl/fbAQLP

exports[`GameEventLog snapshot renders recent moves and system events without crashing 1`] = `"<div class="p-3 border border-slate-700 rounded bg-slate-900/50 max-h-64 overflow-y-auto"><h2 class="font-semibold mb-2 text-sm">Game log</h2><div class="space-y-3 text-xs text-slate-200"><div><div class="text-[11px] uppercase tracking-wide text-slate-400 mb-1">Recent moves</div><ul class="list-disc list-inside space-y-0.5"><li>#3 — Territory / elimination processing by P1 (2 rings eliminated)</li><li>#2 — P2 capture from (3, 3) over (3, 4) to (3, 5) x2</li><li>#1 — P1 placed 2 rings at (0, 0)</li></ul></div><div><div class="text-[11px] uppercase tracking-wide text-slate-400 mb-1">System events</div><ul class="list-disc list-inside space-y-0.5 text-slate-300"><li>Phase: ring_placement</li><li>Current player: P1</li><li>Phase changed: movement → capture</li><li>Connection restored</li></ul></div></div></div>"`;
